TRACE:notmain:configuring no-ack server= with 32 nbyte msgs
TRACE:notmain:configuring no-ack client= with 32 nbyte msg
