TRACE:notmain:send total=1000, 4-byte messages from server=
TRACE:ping_pong_ack:sent 200 ack'd packets 
TRACE:ping_pong_ack:sent 400 ack'd packets 
TRACE:ping_pong_ack:sent 600 ack'd packets 
TRACE:ping_pong_ack:sent 800 ack'd packets 
TRACE:ping_pong_ack:sent 1000 ack'd packets 
TRACE:ping_pong_ack:sent 1200 ack'd packets 
TRACE:ping_pong_ack:sent 1400 ack'd packets 
TRACE:ping_pong_ack:sent 1600 ack'd packets 
TRACE:ping_pong_ack:sent 1800 ack'd packets 
TRACE:ping_pong_ack:trial: total successfully sent 2000 ack'd packets lost 
