TRACE:notmain:configuring reliable (acked) server= with 32 nbyte msgs
TRACE:notmain:configuring reliable (acked) client= with 32 nbyte msg
